

================================================================
== Vitis HLS Report for 'OP_AL_32I'
================================================================
* Date:           Fri Apr 19 20:11:01 2024

* Version:        2023.2 (Build 4023990 on Oct 11 2023)
* Project:        Project
* Solution:       solution1 (Vivado IP Flow Target)
* Product family: zynquplus
* Target device:  xczu7ev-ffvf1517-3-e


================================================================
== Performance Estimates
================================================================
+ Timing: 
    * Summary: 
    +--------+----------+----------+------------+
    |  Clock |  Target  | Estimated| Uncertainty|
    +--------+----------+----------+------------+
    |ap_clk  |  10.00 ns|  3.591 ns|     2.70 ns|
    +--------+----------+----------+------------+

+ Latency: 
    * Summary: 
    +---------+---------+----------+----------+-----+-----+---------+
    |  Latency (cycles) |  Latency (absolute) |  Interval | Pipeline|
    |   min   |   max   |    min   |    max   | min | max |   Type  |
    +---------+---------+----------+----------+-----+-----+---------+
    |        0|        0|      0 ns|      0 ns|    0|    0|       no|
    +---------+---------+----------+----------+-----+-----+---------+

    + Detail: 
        * Instance: 
        N/A

        * Loop: 
        N/A



================================================================
== Utilization Estimates
================================================================
* Summary: 
+-----------------+---------+------+--------+--------+-----+
|       Name      | BRAM_18K|  DSP |   FF   |   LUT  | URAM|
+-----------------+---------+------+--------+--------+-----+
|DSP              |        -|     -|       -|       -|    -|
|Expression       |        -|     -|       0|    1544|    -|
|FIFO             |        -|     -|       -|       -|    -|
|Instance         |        -|     -|       -|       -|    -|
|Memory           |        -|     -|       -|       -|    -|
|Multiplexer      |        -|     -|       -|     148|    -|
|Register         |        -|     -|       -|       -|    -|
+-----------------+---------+------+--------+--------+-----+
|Total            |        0|     0|       0|    1692|    0|
+-----------------+---------+------+--------+--------+-----+
|Available        |      624|  1728|  460800|  230400|   96|
+-----------------+---------+------+--------+--------+-----+
|Utilization (%)  |        0|     0|       0|      ~0|    0|
+-----------------+---------+------+--------+--------+-----+

+ Detail: 
    * Instance: 
    N/A

    * DSP: 
    N/A

    * Memory: 
    N/A

    * FIFO: 
    N/A

    * Expression: 
    +----------------------+----------+----+---+-----+------------+------------+
    |     Variable Name    | Operation| DSP| FF| LUT | Bitwidth P0| Bitwidth P1|
    +----------------------+----------+----+---+-----+------------+------------+
    |rd_val_7_fu_535_p2    |         +|   0|  0|   39|          32|          32|
    |rd_val_fu_419_p2      |         +|   0|  0|   39|          32|          32|
    |grp_fu_291_p2         |         -|   0|  0|   39|           1|          32|
    |rd_val_12_fu_478_p2   |         -|   0|  0|   39|          32|          32|
    |ap_condition_30       |       and|   0|  0|    2|           1|           1|
    |rd_val_5_fu_354_p2    |       and|   0|  0|   12|          12|          12|
    |rd_val_6_fu_542_p2    |       and|   0|  0|   32|          32|          32|
    |ashr_ln23_fu_528_p2   |      ashr|   0|  0|  100|          32|          32|
    |ashr_ln38_fu_457_p2   |      ashr|   0|  0|  100|          32|          32|
    |ashr_ln70_fu_437_p2   |      ashr|   0|  0|  100|          32|          32|
    |icmp_ln59_fu_337_p2   |      icmp|   0|  0|   14|           7|           1|
    |rd_val_1_fu_408_p2    |      icmp|   0|  0|   39|          32|          32|
    |rd_val_2_fu_397_p2    |      icmp|   0|  0|   39|          32|          32|
    |rd_val_8_fu_510_p2    |      icmp|   0|  0|   39|          32|          32|
    |rd_val_9_fu_499_p2    |      icmp|   0|  0|   39|          32|          32|
    |grp_fu_283_p2         |      lshr|   0|  0|  100|          32|          32|
    |rd_val_13_fu_444_p2   |      lshr|   0|  0|  100|          32|          32|
    |shr_i4_fu_430_p2      |      lshr|   0|  0|  100|          32|          32|
    |or_ln56_fu_365_p2     |        or|   0|  0|   12|          12|          12|
    |rd_val_11_fu_485_p2   |        or|   0|  0|   32|          32|          32|
    |grp_fu_297_p2         |       shl|   0|  0|  100|          32|          32|
    |rd_val_14_fu_347_p2   |       shl|   0|  0|  100|          32|          32|
    |shl_ln23_fu_521_p2    |       shl|   0|  0|  100|          32|          32|
    |shl_ln38_fu_464_p2    |       shl|   0|  0|  100|          32|          32|
    |rd_val_10_fu_492_p2   |       xor|   0|  0|   32|          32|          32|
    |rd_val_3_fu_390_p2    |       xor|   0|  0|   32|          32|          32|
    |xor_ln38_1_fu_471_p2  |       xor|   0|  0|   32|          32|           2|
    |xor_ln38_fu_451_p2    |       xor|   0|  0|   32|          32|           2|
    +----------------------+----------+----+---+-----+------------+------------+
    |Total                 |          |   0|  0| 1544|         769|         734|
    +----------------------+----------+----+---+-----+------------+------------+

    * Multiplexer: 
    +-------------------------------------+-----+-----------+-----+-----------+
    |                 Name                | LUT | Input Size| Bits| Total Bits|
    +-------------------------------------+-----+-----------+-----+-----------+
    |ap_phi_mux_rd_val_15_phi_fu_110_p58  |  120|         24|   32|        768|
    |ap_phi_mux_tmp57_0_phi_fu_101_p4     |   14|          3|   32|         96|
    |ap_phi_mux_valid_phi_fu_178_p58      |   14|          3|    1|          3|
    +-------------------------------------+-----+-----------+-----+-----------+
    |Total                                |  148|         30|   65|        867|
    +-------------------------------------+-----+-----------+-----+-----------+

    * Register: 
    N/A



================================================================
== Interface
================================================================
* Summary: 
+-------------+-----+-----+------------+--------------+--------------+
|  RTL Ports  | Dir | Bits|  Protocol  | Source Object|    C Type    |
+-------------+-----+-----+------------+--------------+--------------+
|ap_ready     |  out|    1|  ap_ctrl_hs|     OP_AL_32I|  return value|
|ap_return_0  |  out|   32|  ap_ctrl_hs|     OP_AL_32I|  return value|
|ap_return_1  |  out|    1|  ap_ctrl_hs|     OP_AL_32I|  return value|
|inst_val     |   in|   32|     ap_none|      inst_val|        scalar|
|func7_val    |   in|    7|     ap_none|     func7_val|        scalar|
|func3_val    |   in|    3|     ap_none|     func3_val|        scalar|
|op1_val      |   in|   32|     ap_none|       op1_val|        scalar|
|op2_val      |   in|   32|     ap_none|       op2_val|        scalar|
+-------------+-----+-----+------------+--------------+--------------+

