

================================================================
== Vitis HLS Report for 'OP_AL_32I'
================================================================
* Date:           Sun Apr 14 20:14:19 2024

* Version:        2023.2 (Build 4023990 on Oct 11 2023)
* Project:        assignment
* Solution:       solution1 (Vivado IP Flow Target)
* Product family: virtex7
* Target device:  xc7vx550t-ffg1927-1


================================================================
== Performance Estimates
================================================================
+ Timing: 
    * Summary: 
    +--------+----------+----------+------------+
    |  Clock |  Target  | Estimated| Uncertainty|
    +--------+----------+----------+------------+
    |ap_clk  |  10.00 ns|  5.908 ns|     2.70 ns|
    +--------+----------+----------+------------+

+ Latency: 
    * Summary: 
    +---------+---------+-----------+-----------+-----+-----+---------+
    |  Latency (cycles) |   Latency (absolute)  |  Interval | Pipeline|
    |   min   |   max   |    min    |    max    | min | max |   Type  |
    +---------+---------+-----------+-----------+-----+-----+---------+
    |        1|        1|  10.000 ns|  10.000 ns|    1|    1|       no|
    +---------+---------+-----------+-----------+-----+-----+---------+

    + Detail: 
        * Instance: 
        N/A

        * Loop: 
        N/A



================================================================
== Utilization Estimates
================================================================
* Summary: 
+-----------------+---------+------+--------+--------+-----+
|       Name      | BRAM_18K|  DSP |   FF   |   LUT  | URAM|
+-----------------+---------+------+--------+--------+-----+
|DSP              |        -|     -|       -|       -|    -|
|Expression       |        -|     -|       0|    1205|    -|
|FIFO             |        -|     -|       -|       -|    -|
|Instance         |        -|     -|       -|       -|    -|
|Memory           |        -|     -|       -|       -|    -|
|Multiplexer      |        -|     -|       -|     145|    -|
|Register         |        -|     -|     101|       -|    -|
+-----------------+---------+------+--------+--------+-----+
|Total            |        0|     0|     101|    1350|    0|
+-----------------+---------+------+--------+--------+-----+
|Available        |     2360|  2880|  692800|  346400|    0|
+-----------------+---------+------+--------+--------+-----+
|Utilization (%)  |        0|     0|      ~0|      ~0|    0|
+-----------------+---------+------+--------+--------+-----+

+ Detail: 
    * Instance: 
    N/A

    * DSP: 
    N/A

    * Memory: 
    N/A

    * FIFO: 
    N/A

    * Expression: 
    +----------------------+----------+----+---+----+------------+------------+
    |     Variable Name    | Operation| DSP| FF| LUT| Bitwidth P0| Bitwidth P1|
    +----------------------+----------+----+---+----+------------+------------+
    |grp_fu_279_p2         |         +|   0|  0|  39|          32|          32|
    |grp_fu_299_p2         |         -|   0|  0|  39|           1|          32|
    |rd_val_12_fu_431_p2   |         -|   0|  0|  39|          32|          32|
    |ap_condition_409      |       and|   0|  0|   2|           1|           1|
    |grp_fu_261_p2         |       and|   0|  0|  32|          32|          32|
    |ashr_ln22_fu_463_p2   |      ashr|   0|  0|  84|          32|          32|
    |ashr_ln37_fu_419_p2   |      ashr|   0|  0|  84|          32|          32|
    |ashr_ln65_fu_407_p2   |      ashr|   0|  0|  84|          32|          32|
    |icmp_ln58_fu_361_p2   |      icmp|   0|  0|  14|           7|           1|
    |rd_val_1_fu_387_p2    |      icmp|   0|  0|  39|          32|          32|
    |rd_val_2_fu_377_p2    |      icmp|   0|  0|  39|          32|          32|
    |rd_val_8_fu_447_p2    |      icmp|   0|  0|  39|          32|          32|
    |rd_val_9_fu_437_p2    |      icmp|   0|  0|  39|          32|          32|
    |grp_fu_293_p2         |      lshr|   0|  0|  84|          32|          32|
    |shr_i4_fu_401_p2      |      lshr|   0|  0|  84|          32|          32|
    |grp_fu_267_p2         |        or|   0|  0|  32|          32|          32|
    |grp_fu_305_p2         |       shl|   0|  0|  84|          32|          32|
    |rd_val_13_fu_371_p2   |       shl|   0|  0|  84|          32|          32|
    |shl_ln22_fu_457_p2    |       shl|   0|  0|  84|          32|          32|
    |shl_ln37_fu_425_p2    |       shl|   0|  0|  84|          32|          32|
    |grp_fu_273_p2         |       xor|   0|  0|  32|          32|          32|
    |xor_ln37_1_fu_469_p2  |       xor|   0|  0|  32|          32|           2|
    |xor_ln37_fu_413_p2    |       xor|   0|  0|  32|          32|           2|
    +----------------------+----------+----+---+----+------------+------------+
    |Total                 |          |   0|  0|1205|         649|         614|
    +----------------------+----------+----+---+----+------------+------------+

    * Multiplexer: 
    +------------------------------------+----+-----------+-----+-----------+
    |                Name                | LUT| Input Size| Bits| Total Bits|
    +------------------------------------+----+-----------+-----+-----------+
    |ap_NS_fsm                           |  13|          3|    1|          3|
    |ap_phi_mux_rd_val_14_phi_fu_97_p60  |   9|          2|   32|         64|
    |ap_phi_mux_status_phi_fu_169_p60    |   9|          2|    1|          2|
    |ap_return_0                         |   9|          2|   32|         64|
    |ap_return_1                         |   9|          2|    1|          2|
    |rd_val_14_reg_93                    |  87|         18|   32|        576|
    |tmp56_0_reg_84                      |   9|          2|   32|         64|
    +------------------------------------+----+-----------+-----+-----------+
    |Total                               | 145|         31|  131|        775|
    +------------------------------------+----+-----------+-----+-----------+

    * Register: 
    +------------------+----+----+-----+-----------+
    |       Name       | FF | LUT| Bits| Const Bits|
    +------------------+----+----+-----+-----------+
    |ap_CS_fsm         |   2|   0|    2|          0|
    |ap_return_0_preg  |  32|   0|   32|          0|
    |ap_return_1_preg  |   1|   0|    1|          0|
    |rd_val_14_reg_93  |  32|   0|   32|          0|
    |status_reg_164    |   1|   0|    1|          0|
    |tmp56_0_reg_84    |  32|   0|   32|          0|
    |tmp_1_reg_534     |   1|   0|    1|          0|
    +------------------+----+----+-----+-----------+
    |Total             | 101|   0|  101|          0|
    +------------------+----+----+-----+-----------+



================================================================
== Interface
================================================================
* Summary: 
+-------------+-----+-----+------------+--------------+--------------+
|  RTL Ports  | Dir | Bits|  Protocol  | Source Object|    C Type    |
+-------------+-----+-----+------------+--------------+--------------+
|ap_clk       |   in|    1|  ap_ctrl_hs|     OP_AL_32I|  return value|
|ap_rst       |   in|    1|  ap_ctrl_hs|     OP_AL_32I|  return value|
|ap_start     |   in|    1|  ap_ctrl_hs|     OP_AL_32I|  return value|
|ap_done      |  out|    1|  ap_ctrl_hs|     OP_AL_32I|  return value|
|ap_idle      |  out|    1|  ap_ctrl_hs|     OP_AL_32I|  return value|
|ap_ready     |  out|    1|  ap_ctrl_hs|     OP_AL_32I|  return value|
|ap_return_0  |  out|   32|  ap_ctrl_hs|     OP_AL_32I|  return value|
|ap_return_1  |  out|    1|  ap_ctrl_hs|     OP_AL_32I|  return value|
|opcode_val   |   in|    7|     ap_none|    opcode_val|        scalar|
|func7_val    |   in|    7|     ap_none|     func7_val|        scalar|
|func3_val    |   in|    3|     ap_none|     func3_val|        scalar|
|op1_val      |   in|   32|     ap_none|       op1_val|        scalar|
|op2_val      |   in|   32|     ap_none|       op2_val|        scalar|
+-------------+-----+-----+------------+--------------+--------------+

