

================================================================
== Vitis HLS Report for 'top_module'
================================================================
* Date:           Fri Apr 19 20:11:03 2024

* Version:        2023.2 (Build 4023990 on Oct 11 2023)
* Project:        Project
* Solution:       solution1 (Vivado IP Flow Target)
* Product family: zynquplus
* Target device:  xczu7ev-ffvf1517-3-e


================================================================
== Performance Estimates
================================================================
+ Timing: 
    * Summary: 
    +--------+----------+----------+------------+
    |  Clock |  Target  | Estimated| Uncertainty|
    +--------+----------+----------+------------+
    |ap_clk  |  10.00 ns|  7.138 ns|     2.70 ns|
    +--------+----------+----------+------------+

+ Latency: 
    * Summary: 
    +---------+---------+-----------+-----------+-----+-----+---------+
    |  Latency (cycles) |   Latency (absolute)  |  Interval | Pipeline|
    |   min   |   max   |    min    |    max    | min | max |   Type  |
    +---------+---------+-----------+-----------+-----+-----+---------+
    |        1|        1|  10.000 ns|  10.000 ns|    2|    2|       no|
    +---------+---------+-----------+-----------+-----+-----+---------+

    + Detail: 
        * Instance: 
        +------------------+-------+---------+---------+----------+----------+-----+-----+---------+
        |                  |       |  Latency (cycles) |  Latency (absolute) |  Interval | Pipeline|
        |     Instance     | Module|   min   |   max   |    min   |    max   | min | max |   Type  |
        +------------------+-------+---------+---------+----------+----------+-----+-----+---------+
        |grp_hart_fu_8869  |hart   |        0|        0|      0 ns|      0 ns|    0|    0|       no|
        +------------------+-------+---------+---------+----------+----------+-----+-----+---------+

        * Loop: 
        N/A



================================================================
== Utilization Estimates
================================================================
* Summary: 
+-----------------+---------+------+--------+--------+-----+
|       Name      | BRAM_18K|  DSP |   FF   |   LUT  | URAM|
+-----------------+---------+------+--------+--------+-----+
|DSP              |        -|     -|       -|       -|    -|
|Expression       |        -|     -|       0|     406|    -|
|FIFO             |        -|     -|       -|       -|    -|
|Instance         |        -|     -|       0|    2906|    -|
|Memory           |        -|     -|       -|       -|    -|
|Multiplexer      |        -|     -|       -|    1358|    -|
|Register         |        -|     -|    1132|       -|    -|
+-----------------+---------+------+--------+--------+-----+
|Total            |        0|     0|    1132|    4670|    0|
+-----------------+---------+------+--------+--------+-----+
|Available        |      624|  1728|  460800|  230400|   96|
+-----------------+---------+------+--------+--------+-----+
|Utilization (%)  |        0|     0|      ~0|       2|    0|
+-----------------+---------+------+--------+--------+-----+

+ Detail: 
    * Instance: 
    +---------------------------+-----------------------+---------+----+---+------+-----+
    |          Instance         |         Module        | BRAM_18K| DSP| FF|  LUT | URAM|
    +---------------------------+-----------------------+---------+----+---+------+-----+
    |grp_hart_fu_8869           |hart                   |        0|   0|  0|  2314|    0|
    |sparsemux_65_5_32_1_1_U10  |sparsemux_65_5_32_1_1  |        0|   0|  0|   148|    0|
    |sparsemux_65_5_32_1_1_U11  |sparsemux_65_5_32_1_1  |        0|   0|  0|   148|    0|
    |sparsemux_65_5_32_1_1_U12  |sparsemux_65_5_32_1_1  |        0|   0|  0|   148|    0|
    |sparsemux_65_5_32_1_1_U13  |sparsemux_65_5_32_1_1  |        0|   0|  0|   148|    0|
    +---------------------------+-----------------------+---------+----+---+------+-----+
    |Total                      |                       |        0|   0|  0|  2906|    0|
    +---------------------------+-----------------------+---------+----+---+------+-----+

    * DSP: 
    N/A

    * Memory: 
    N/A

    * FIFO: 
    N/A

    * Expression: 
    +---------------------------+----------+----+---+----+------------+------------+
    |       Variable Name       | Operation| DSP| FF| LUT| Bitwidth P0| Bitwidth P1|
    +---------------------------+----------+----+---+----+------------+------------+
    |add_ln27_fu_10115_p2       |         +|   0|  0|  39|          32|          32|
    |add_ln34_fu_10098_p2       |         +|   0|  0|  39|          32|          32|
    |and_ln22_fu_9745_p2        |       and|   0|  0|   2|           1|           1|
    |and_ln26_fu_9698_p2        |       and|   0|  0|   2|           1|           1|
    |and_ln31_fu_9668_p2        |       and|   0|  0|   2|           1|           1|
    |and_ln43_1_fu_9804_p2      |       and|   0|  0|   2|           1|           1|
    |and_ln43_2_fu_9809_p2      |       and|   0|  0|   2|           1|           1|
    |and_ln43_3_fu_9815_p2      |       and|   0|  0|   2|           1|           1|
    |and_ln43_fu_9766_p2        |       and|   0|  0|   2|           1|           1|
    |and_ln45_fu_9873_p2        |       and|   0|  0|   2|           1|           1|
    |pc1_fu_9844_p2             |       and|   0|  0|   2|           1|           1|
    |pc2_fu_9878_p2             |       and|   0|  0|   2|           1|           1|
    |set_cycle_fu_9884_p2       |       and|   0|  0|   2|           1|           1|
    |write1_fu_9750_p2          |       and|   0|  0|   2|           1|           1|
    |icmp_ln23_fu_9656_p2       |      icmp|   0|  0|  14|           7|           6|
    |icmp_ln26_1_fu_9704_p2     |      icmp|   0|  0|  14|           7|           5|
    |icmp_ln26_2_fu_9710_p2     |      icmp|   0|  0|  14|           7|           6|
    |icmp_ln26_fu_9686_p2       |      icmp|   0|  0|  14|           7|           6|
    |icmp_ln27_1_fu_10121_p2    |      icmp|   0|  0|   9|           2|           1|
    |icmp_ln27_2_fu_10135_p2    |      icmp|   0|  0|   9|           2|           1|
    |icmp_ln27_fu_10102_p2      |      icmp|   0|  0|  10|           2|           3|
    |icmp_ln31_fu_9662_p2       |      icmp|   0|  0|  12|           5|           5|
    |icmp_ln36_fu_9674_p2       |      icmp|   0|  0|  12|           5|           5|
    |icmp_ln45_fu_9867_p2       |      icmp|   0|  0|   9|           2|           2|
    |inst1_has_rd_fu_9650_p2    |      icmp|   0|  0|  14|           7|           6|
    |jump_fu_9734_p2            |      icmp|   0|  0|  39|          32|           3|
    |or_ln26_1_fu_9716_p2       |        or|   0|  0|   2|           1|           1|
    |or_ln26_fu_9692_p2         |        or|   0|  0|   2|           1|           1|
    |or_ln36_fu_9680_p2         |        or|   0|  0|   2|           1|           1|
    |or_ln43_1_fu_9776_p2       |        or|   0|  0|   2|           1|           1|
    |or_ln43_2_fu_9781_p2       |        or|   0|  0|   2|           1|           1|
    |or_ln43_3_fu_9787_p2       |        or|   0|  0|   2|           1|           1|
    |or_ln43_fu_9771_p2         |        or|   0|  0|   2|           1|           1|
    |or_ln44_1_fu_9838_p2       |        or|   0|  0|   2|           1|           1|
    |or_ln44_fu_9832_p2         |        or|   0|  0|   2|           1|           1|
    |write2_fu_9821_p2          |        or|   0|  0|   2|           1|           1|
    |data_fu_9722_p3            |    select|   0|  0|   2|           1|           1|
    |next_pc_fu_10141_p3        |    select|   0|  0|  32|           1|          32|
    |select_ln27_1_fu_10127_p3  |    select|   0|  0|  32|           1|          32|
    |select_ln27_fu_10108_p3    |    select|   0|  0|  32|           1|          32|
    |select_ln45_fu_9859_p3     |    select|   0|  0|   2|           1|           2|
    |xor_ln42_fu_9739_p2        |       xor|   0|  0|   2|           1|           2|
    |xor_ln43_1_fu_9760_p2      |       xor|   0|  0|   2|           1|           2|
    |xor_ln43_2_fu_9793_p2      |       xor|   0|  0|   2|           1|           2|
    |xor_ln43_3_fu_9799_p2      |       xor|   0|  0|   2|           1|           2|
    |xor_ln43_fu_9755_p2        |       xor|   0|  0|   2|           1|           2|
    |xor_ln44_fu_9827_p2        |       xor|   0|  0|   2|           1|           2|
    |xor_ln45_fu_9853_p2        |       xor|   0|  0|   2|           1|           2|
    +---------------------------+----------+----+---+----+------------+------------+
    |Total                      |          |   0|  0| 406|         183|         248|
    +---------------------------+----------+----+---+----+------------+------------+

    * Multiplexer: 
    +---------------------------------------------------------------------------------------------------------------+----+-----------+-----+-----------+
    |                                                      Name                                                     | LUT| Input Size| Bits| Total Bits|
    +---------------------------------------------------------------------------------------------------------------+----+-----------+-----+-----------+
    |ap_NS_fsm                                                                                                      |  14|          3|    1|          3|
    |ap_phi_mux_p_ZZ10top_module6ap_intILi32EES0_S0_E2rf_10_flag_1_phi_fu_1159_p66                                  |  14|          3|    1|          3|
    |ap_phi_mux_p_ZZ10top_module6ap_intILi32EES0_S0_E2rf_10_flag_3_phi_fu_5022_p66                                  |  14|          3|    1|          3|
    |ap_phi_mux_p_ZZ10top_module6ap_intILi32EES0_S0_E2rf_10_new_3_phi_fu_5126_p66                                   |  14|          3|   32|         96|
    |ap_phi_mux_p_ZZ10top_module6ap_intILi32EES0_S0_E2rf_15_new_3_phi_fu_6001_p66                                   |  14|          3|   32|         96|
    |ap_phi_mux_p_ZZ10top_module6ap_intILi32EES0_S0_E2rf_16_flag_1_phi_fu_1783_p66                                  |  14|          3|    1|          3|
    |ap_phi_mux_p_ZZ10top_module6ap_intILi32EES0_S0_E2rf_16_flag_3_phi_fu_6072_p66                                  |  14|          3|    1|          3|
    |ap_phi_mux_p_ZZ10top_module6ap_intILi32EES0_S0_E2rf_17_new_3_phi_fu_6351_p66                                   |  14|          3|   32|         96|
    |ap_phi_mux_p_ZZ10top_module6ap_intILi32EES0_S0_E2rf_18_flag_1_phi_fu_1991_p66                                  |  14|          3|    1|          3|
    |ap_phi_mux_p_ZZ10top_module6ap_intILi32EES0_S0_E2rf_18_flag_3_phi_fu_6422_p66                                  |  14|          3|    1|          3|
    |ap_phi_mux_p_ZZ10top_module6ap_intILi32EES0_S0_E2rf_18_new_3_phi_fu_6526_p66                                   |  14|          3|   32|         96|
    |ap_phi_mux_p_ZZ10top_module6ap_intILi32EES0_S0_E2rf_19_flag_1_phi_fu_2095_p66                                  |  14|          3|    1|          3|
    |ap_phi_mux_p_ZZ10top_module6ap_intILi32EES0_S0_E2rf_19_flag_3_phi_fu_6597_p66                                  |  14|          3|    1|          3|
    |ap_phi_mux_p_ZZ10top_module6ap_intILi32EES0_S0_E2rf_19_new_3_phi_fu_6701_p66                                   |  14|          3|   32|         96|
    |ap_phi_mux_p_ZZ10top_module6ap_intILi32EES0_S0_E2rf_20_flag_1_phi_fu_2199_p66                                  |  14|          3|    1|          3|
    |ap_phi_mux_p_ZZ10top_module6ap_intILi32EES0_S0_E2rf_20_flag_3_phi_fu_6772_p66                                  |  14|          3|    1|          3|
    |ap_phi_mux_p_ZZ10top_module6ap_intILi32EES0_S0_E2rf_20_new_3_phi_fu_6876_p66                                   |  14|          3|   32|         96|
    |ap_phi_mux_p_ZZ10top_module6ap_intILi32EES0_S0_E2rf_25_new_3_phi_fu_7751_p66                                   |  14|          3|   32|         96|
    |ap_phi_mux_p_ZZ10top_module6ap_intILi32EES0_S0_E2rf_26_flag_1_phi_fu_2823_p66                                  |  14|          3|    1|          3|
    |ap_phi_mux_p_ZZ10top_module6ap_intILi32EES0_S0_E2rf_26_flag_3_phi_fu_7822_p66                                  |  14|          3|    1|          3|
    |ap_phi_mux_p_ZZ10top_module6ap_intILi32EES0_S0_E2rf_27_new_3_phi_fu_8101_p66                                   |  14|          3|   32|         96|
    |ap_phi_mux_p_ZZ10top_module6ap_intILi32EES0_S0_E2rf_28_flag_1_phi_fu_3031_p66                                  |  14|          3|    1|          3|
    |ap_phi_mux_p_ZZ10top_module6ap_intILi32EES0_S0_E2rf_28_flag_3_phi_fu_8172_p66                                  |  14|          3|    1|          3|
    |ap_phi_mux_p_ZZ10top_module6ap_intILi32EES0_S0_E2rf_28_new_3_phi_fu_8276_p66                                   |  14|          3|   32|         96|
    |ap_phi_mux_p_ZZ10top_module6ap_intILi32EES0_S0_E2rf_29_flag_1_phi_fu_3135_p66                                  |  14|          3|    1|          3|
    |ap_phi_mux_p_ZZ10top_module6ap_intILi32EES0_S0_E2rf_29_flag_3_phi_fu_8347_p66                                  |  14|          3|    1|          3|
    |ap_phi_mux_p_ZZ10top_module6ap_intILi32EES0_S0_E2rf_29_new_3_phi_fu_8451_p66                                   |  14|          3|   32|         96|
    |ap_phi_mux_p_ZZ10top_module6ap_intILi32EES0_S0_E2rf_30_flag_1_phi_fu_3239_p66                                  |  14|          3|    1|          3|
    |ap_phi_mux_p_ZZ10top_module6ap_intILi32EES0_S0_E2rf_30_flag_3_phi_fu_8522_p66                                  |  14|          3|    1|          3|
    |ap_phi_mux_p_ZZ10top_module6ap_intILi32EES0_S0_E2rf_30_new_3_phi_fu_8626_p66                                   |  14|          3|   32|         96|
    |ap_phi_mux_top_module_ap_int_32_ap_int_32_ap_int_32_rf_16_phi_fu_1887_p66                                      |  14|          3|    1|          3|
    |ap_phi_mux_top_module_ap_int_32_ap_int_32_ap_int_32_rf_1_flag_1_phi_fu_223_p66                                 |  14|          3|    1|          3|
    |ap_phi_mux_top_module_ap_int_32_ap_int_32_ap_int_32_rf_1_flag_3_phi_fu_3447_p66                                |  14|          3|    1|          3|
    |ap_phi_mux_top_module_ap_int_32_ap_int_32_ap_int_32_rf_1_new_3_phi_fu_3551_p66                                 |  14|          3|   32|         96|
    |ap_phi_mux_top_module_ap_int_32_ap_int_32_ap_int_32_rf_22_phi_fu_2927_p66                                      |  14|          3|    1|          3|
    |ap_phi_mux_top_module_ap_int_32_ap_int_32_ap_int_32_rf_24_phi_fu_6176_p66                                      |  14|          3|   32|         96|
    |ap_phi_mux_top_module_ap_int_32_ap_int_32_ap_int_32_rf_25_phi_fu_6247_p66                                      |  14|          3|    1|          3|
    |ap_phi_mux_top_module_ap_int_32_ap_int_32_ap_int_32_rf_2_flag_1_phi_fu_327_p66                                 |  14|          3|    1|          3|
    |ap_phi_mux_top_module_ap_int_32_ap_int_32_ap_int_32_rf_2_flag_3_phi_fu_3622_p66                                |  14|          3|    1|          3|
    |ap_phi_mux_top_module_ap_int_32_ap_int_32_ap_int_32_rf_2_new_3_phi_fu_3726_p66                                 |  14|          3|   32|         96|
    |ap_phi_mux_top_module_ap_int_32_ap_int_32_ap_int_32_rf_35_phi_fu_7926_p66                                      |  14|          3|   32|         96|
    |ap_phi_mux_top_module_ap_int_32_ap_int_32_ap_int_32_rf_36_phi_fu_7997_p66                                      |  14|          3|    1|          3|
    |ap_phi_mux_top_module_ap_int_32_ap_int_32_ap_int_32_rf_3_flag_1_phi_fu_431_p66                                 |  14|          3|    1|          3|
    |ap_phi_mux_top_module_ap_int_32_ap_int_32_ap_int_32_rf_3_flag_3_phi_fu_3797_p66                                |  14|          3|    1|          3|
    |ap_phi_mux_top_module_ap_int_32_ap_int_32_ap_int_32_rf_3_new_3_phi_fu_3901_p66                                 |  14|          3|   32|         96|
    |ap_phi_mux_top_module_ap_int_32_ap_int_32_ap_int_32_rf_4_flag_1_phi_fu_535_p66                                 |  14|          3|    1|          3|
    |ap_phi_mux_top_module_ap_int_32_ap_int_32_ap_int_32_rf_4_flag_3_phi_fu_3972_p66                                |  14|          3|    1|          3|
    |ap_phi_mux_top_module_ap_int_32_ap_int_32_ap_int_32_rf_4_new_3_phi_fu_4076_p66                                 |  14|          3|   32|         96|
    |ap_phi_mux_top_module_ap_int_32_ap_int_32_ap_int_32_rf_5_flag_1_phi_fu_639_p66                                 |  14|          3|    1|          3|
    |ap_phi_mux_top_module_ap_int_32_ap_int_32_ap_int_32_rf_5_flag_3_phi_fu_4147_p66                                |  14|          3|    1|          3|
    |ap_phi_mux_top_module_ap_int_32_ap_int_32_ap_int_32_rf_5_new_3_phi_fu_4251_p66                                 |  14|          3|   32|         96|
    |ap_phi_mux_top_module_ap_int_32_ap_int_32_ap_int_32_rf_6_flag_1_phi_fu_743_p66                                 |  14|          3|    1|          3|
    |ap_phi_mux_top_module_ap_int_32_ap_int_32_ap_int_32_rf_6_flag_3_phi_fu_4322_p66                                |  14|          3|    1|          3|
    |ap_phi_mux_top_module_ap_int_32_ap_int_32_ap_int_32_rf_6_new_3_phi_fu_4426_p66                                 |  14|          3|   32|         96|
    |ap_phi_mux_top_module_ap_int_32_ap_int_32_ap_int_32_rf_7_flag_1_phi_fu_847_p66                                 |  14|          3|    1|          3|
    |ap_phi_mux_top_module_ap_int_32_ap_int_32_ap_int_32_rf_7_flag_3_phi_fu_4497_p66                                |  14|          3|    1|          3|
    |ap_phi_mux_top_module_ap_int_32_ap_int_32_ap_int_32_rf_7_new_3_phi_fu_4601_p66                                 |  14|          3|   32|         96|
    |ap_phi_mux_top_module_ap_int_32_ap_int_32_ap_int_32_rf_8_flag_1_phi_fu_951_p66                                 |  14|          3|    1|          3|
    |ap_phi_mux_top_module_ap_int_32_ap_int_32_ap_int_32_rf_8_flag_3_phi_fu_4672_p66                                |  14|          3|    1|          3|
    |ap_phi_mux_top_module_ap_int_32_ap_int_32_ap_int_32_rf_8_new_3_phi_fu_4776_p66                                 |  14|          3|   32|         96|
    |ap_phi_mux_top_module_ap_int_32_ap_int_32_ap_int_32_rf_9_flag_1_phi_fu_1055_p66                                |  14|          3|    1|          3|
    |ap_phi_mux_top_module_ap_int_32_ap_int_32_ap_int_32_rf_9_flag_3_phi_fu_4847_p66                                |  14|          3|    1|          3|
    |ap_phi_mux_top_module_ap_int_32_ap_int_32_ap_int_32_rf_9_new_3_phi_fu_4951_p66                                 |  14|          3|   32|         96|
    |ap_phi_mux_top_module_ap_int_32_ap_int_32_ap_int_32_rf_f_long_signed_char_float128_1_s_18_phi_fu_2407_p66      |  14|          3|    1|          3|
    |ap_phi_mux_top_module_ap_int_32_ap_int_32_ap_int_32_rf_f_long_signed_char_float128_1_s_phi_fu_1367_p66         |  14|          3|    1|          3|
    |ap_phi_mux_top_module_ap_int_32_ap_int_32_ap_int_32_rf_f_long_signed_char_float128_3_s_28_phi_fu_7122_p66      |  14|          3|    1|          3|
    |ap_phi_mux_top_module_ap_int_32_ap_int_32_ap_int_32_rf_f_long_signed_char_float128_3_s_phi_fu_5372_p66         |  14|          3|    1|          3|
    |ap_phi_mux_top_module_ap_int_32_ap_int_32_ap_int_32_rf_fl_signed_char_float128_1_s_19_phi_fu_2511_p66          |  14|          3|    1|          3|
    |ap_phi_mux_top_module_ap_int_32_ap_int_32_ap_int_32_rf_fl_signed_char_float128_1_s_phi_fu_1471_p66             |  14|          3|    1|          3|
    |ap_phi_mux_top_module_ap_int_32_ap_int_32_ap_int_32_rf_fl_signed_char_float128_3_s_30_phi_fu_7297_p66          |  14|          3|    1|          3|
    |ap_phi_mux_top_module_ap_int_32_ap_int_32_ap_int_32_rf_fl_signed_char_float128_3_s_phi_fu_5547_p66             |  14|          3|    1|          3|
    |ap_phi_mux_top_module_ap_int_32_ap_int_32_ap_int_32_rf_fla_float128_1_s_20_phi_fu_2615_p66                     |  14|          3|    1|          3|
    |ap_phi_mux_top_module_ap_int_32_ap_int_32_ap_int_32_rf_fla_float128_1_s_phi_fu_1575_p66                        |  14|          3|    1|          3|
    |ap_phi_mux_top_module_ap_int_32_ap_int_32_ap_int_32_rf_fla_float128_3_s_32_phi_fu_7472_p66                     |  14|          3|    1|          3|
    |ap_phi_mux_top_module_ap_int_32_ap_int_32_ap_int_32_rf_fla_float128_3_s_phi_fu_5722_p66                        |  14|          3|    1|          3|
    |ap_phi_mux_top_module_ap_int_32_ap_int_32_ap_int_32_rf_flag_1_s_21_phi_fu_2719_p66                             |  14|          3|    1|          3|
    |ap_phi_mux_top_module_ap_int_32_ap_int_32_ap_int_32_rf_flag_1_s_phi_fu_1679_p66                                |  14|          3|    1|          3|
    |ap_phi_mux_top_module_ap_int_32_ap_int_32_ap_int_32_rf_flag_3_s_34_phi_fu_7647_p66                             |  14|          3|    1|          3|
    |ap_phi_mux_top_module_ap_int_32_ap_int_32_ap_int_32_rf_flag_3_s_phi_fu_5897_p66                                |  14|          3|    1|          3|
    |ap_phi_mux_top_module_ap_int_32_ap_int_32_ap_int_32_rf_float_long_signed_char_float128_1_s_17_phi_fu_2303_p66  |  14|          3|    1|          3|
    |ap_phi_mux_top_module_ap_int_32_ap_int_32_ap_int_32_rf_float_long_signed_char_float128_1_s_23_phi_fu_3343_p66  |  14|          3|    1|          3|
    |ap_phi_mux_top_module_ap_int_32_ap_int_32_ap_int_32_rf_float_long_signed_char_float128_1_s_phi_fu_1263_p66     |  14|          3|    1|          3|
    |ap_phi_mux_top_module_ap_int_32_ap_int_32_ap_int_32_rf_float_long_signed_char_float128_3_s_26_phi_fu_6947_p66  |  14|          3|    1|          3|
    |ap_phi_mux_top_module_ap_int_32_ap_int_32_ap_int_32_rf_float_long_signed_char_float128_3_s_37_phi_fu_8697_p66  |  14|          3|    1|          3|
    |ap_phi_mux_top_module_ap_int_32_ap_int_32_ap_int_32_rf_float_long_signed_char_float128_3_s_phi_fu_5197_p66     |  14|          3|    1|          3|
    |ap_phi_mux_top_module_ap_int_32_ap_int_32_ap_int_32_rf_int128_long_double_wchar_t_3_s_27_phi_fu_7051_p66       |  14|          3|   32|         96|
    |ap_phi_mux_top_module_ap_int_32_ap_int_32_ap_int_32_rf_int128_long_double_wchar_t_3_s_38_phi_fu_8801_p66       |  14|          3|   32|         96|
    |ap_phi_mux_top_module_ap_int_32_ap_int_32_ap_int_32_rf_int128_long_double_wchar_t_3_s_phi_fu_5301_p66          |  14|          3|   32|         96|
    |ap_phi_mux_top_module_ap_int_32_ap_int_32_ap_int_32_rf_n_long_double_wchar_t_3_s_29_phi_fu_7226_p66            |  14|          3|   32|         96|
    |ap_phi_mux_top_module_ap_int_32_ap_int_32_ap_int_32_rf_n_long_double_wchar_t_3_s_phi_fu_5476_p66               |  14|          3|   32|         96|
    |ap_phi_mux_top_module_ap_int_32_ap_int_32_ap_int_32_rf_ne_wchar_t_3_s_31_phi_fu_7401_p66                       |  14|          3|   32|         96|
    |ap_phi_mux_top_module_ap_int_32_ap_int_32_ap_int_32_rf_ne_wchar_t_3_s_phi_fu_5651_p66                          |  14|          3|   32|         96|
    |ap_phi_mux_top_module_ap_int_32_ap_int_32_ap_int_32_rf_new_3_s_33_phi_fu_7576_p66                              |  14|          3|   32|         96|
    |ap_phi_mux_top_module_ap_int_32_ap_int_32_ap_int_32_rf_new_3_s_phi_fu_5826_p66                                 |  14|          3|   32|         96|
    |grp_hart_fu_8869_inst_val                                                                                      |  14|          3|   32|         96|
    |grp_hart_fu_8869_op1_val                                                                                       |  14|          3|   32|         96|
    |grp_hart_fu_8869_op2_val                                                                                       |  14|          3|   32|         96|
    +---------------------------------------------------------------------------------------------------------------+----+-----------+-----+-----------+
    |Total                                                                                                          |1358|        291| 1151|       3453|
    +---------------------------------------------------------------------------------------------------------------+----+-----------+-----+-----------+

    * Register: 
    +-----------------------------------------------+----+----+-----+-----------+
    |                      Name                     | FF | LUT| Bits| Const Bits|
    +-----------------------------------------------+----+----+-----+-----------+
    |ap_CS_fsm                                      |   2|   0|    2|          0|
    |d_haz                                          |   1|   0|    1|          0|
    |data_reg_11214                                 |   1|   0|    1|          0|
    |i1rd_reg_11199                                 |   5|   0|    5|          0|
    |icmp_ln23_reg_11208                            |   1|   0|    1|          0|
    |inst1_has_rd_reg_11203                         |   1|   0|    1|          0|
    |p_ZZ10top_module6ap_intILi32EES0_S0_E2rf_10    |  32|   0|   32|          0|
    |p_ZZ10top_module6ap_intILi32EES0_S0_E2rf_11    |  32|   0|   32|          0|
    |p_ZZ10top_module6ap_intILi32EES0_S0_E2rf_12    |  32|   0|   32|          0|
    |p_ZZ10top_module6ap_intILi32EES0_S0_E2rf_13    |  32|   0|   32|          0|
    |p_ZZ10top_module6ap_intILi32EES0_S0_E2rf_14    |  32|   0|   32|          0|
    |p_ZZ10top_module6ap_intILi32EES0_S0_E2rf_15    |  32|   0|   32|          0|
    |p_ZZ10top_module6ap_intILi32EES0_S0_E2rf_16    |  32|   0|   32|          0|
    |p_ZZ10top_module6ap_intILi32EES0_S0_E2rf_17    |  32|   0|   32|          0|
    |p_ZZ10top_module6ap_intILi32EES0_S0_E2rf_18    |  32|   0|   32|          0|
    |p_ZZ10top_module6ap_intILi32EES0_S0_E2rf_19    |  32|   0|   32|          0|
    |p_ZZ10top_module6ap_intILi32EES0_S0_E2rf_20    |  32|   0|   32|          0|
    |p_ZZ10top_module6ap_intILi32EES0_S0_E2rf_21    |  32|   0|   32|          0|
    |p_ZZ10top_module6ap_intILi32EES0_S0_E2rf_22    |  32|   0|   32|          0|
    |p_ZZ10top_module6ap_intILi32EES0_S0_E2rf_23    |  32|   0|   32|          0|
    |p_ZZ10top_module6ap_intILi32EES0_S0_E2rf_24    |  32|   0|   32|          0|
    |p_ZZ10top_module6ap_intILi32EES0_S0_E2rf_25    |  32|   0|   32|          0|
    |p_ZZ10top_module6ap_intILi32EES0_S0_E2rf_26    |  32|   0|   32|          0|
    |p_ZZ10top_module6ap_intILi32EES0_S0_E2rf_27    |  32|   0|   32|          0|
    |p_ZZ10top_module6ap_intILi32EES0_S0_E2rf_28    |  32|   0|   32|          0|
    |p_ZZ10top_module6ap_intILi32EES0_S0_E2rf_29    |  32|   0|   32|          0|
    |p_ZZ10top_module6ap_intILi32EES0_S0_E2rf_30    |  32|   0|   32|          0|
    |p_ZZ10top_module6ap_intILi32EES0_S0_E2rf_31    |  32|   0|   32|          0|
    |ret1_next_pc_reg_11173                         |  32|   0|   32|          0|
    |ret1_result_reg_10177                          |  32|   0|   32|          0|
    |ret1_valid_reg_11179                           |   1|   0|    1|          0|
    |tmp_5_reg_11189                                |  32|   0|   32|          0|
    |tmp_7_reg_11194                                |  32|   0|   32|          0|
    |top_module_ap_int_32_ap_int_32_ap_int_32_rf_1  |  32|   0|   32|          0|
    |top_module_ap_int_32_ap_int_32_ap_int_32_rf_2  |  32|   0|   32|          0|
    |top_module_ap_int_32_ap_int_32_ap_int_32_rf_3  |  32|   0|   32|          0|
    |top_module_ap_int_32_ap_int_32_ap_int_32_rf_4  |  32|   0|   32|          0|
    |top_module_ap_int_32_ap_int_32_ap_int_32_rf_5  |  32|   0|   32|          0|
    |top_module_ap_int_32_ap_int_32_ap_int_32_rf_6  |  32|   0|   32|          0|
    |top_module_ap_int_32_ap_int_32_ap_int_32_rf_7  |  32|   0|   32|          0|
    |top_module_ap_int_32_ap_int_32_ap_int_32_rf_8  |  32|   0|   32|          0|
    |top_module_ap_int_32_ap_int_32_ap_int_32_rf_9  |  32|   0|   32|          0|
    +-----------------------------------------------+----+----+-----+-----------+
    |Total                                          |1132|   0| 1132|          0|
    +-----------------------------------------------+----+----+-----+-----------+



================================================================
== Interface
================================================================
* Summary: 
+-----------+-----+-----+------------+--------------+--------------+
| RTL Ports | Dir | Bits|  Protocol  | Source Object|    C Type    |
+-----------+-----+-----+------------+--------------+--------------+
|ap_clk     |   in|    1|  ap_ctrl_hs|    top_module|  return value|
|ap_rst     |   in|    1|  ap_ctrl_hs|    top_module|  return value|
|ap_start   |   in|    1|  ap_ctrl_hs|    top_module|  return value|
|ap_done    |  out|    1|  ap_ctrl_hs|    top_module|  return value|
|ap_idle    |  out|    1|  ap_ctrl_hs|    top_module|  return value|
|ap_ready   |  out|    1|  ap_ctrl_hs|    top_module|  return value|
|ap_return  |  out|   64|  ap_ctrl_hs|    top_module|  return value|
|pc         |   in|   32|     ap_none|            pc|        scalar|
|inst1      |   in|   32|     ap_none|         inst1|        scalar|
|inst2      |   in|   32|     ap_none|         inst2|        scalar|
+-----------+-----+-----+------------+--------------+--------------+

